org/restaurant/response/CustomMenuItemResponse.class
org/restaurant/mapstruct/MenuItemMapper.class
org/restaurant/mapstruct/LocationMapperImpl.class
org/restaurant/mapstruct/RestaurantMapper.class
org/restaurant/service/RestaurantService.class
org/restaurant/mapstruct/RatingMapper.class
org/restaurant/model/enums/FoodCategory.class
org/restaurant/validators/ObjectsValidator.class
org/restaurant/repository/MenuItemRepository.class
org/restaurant/model/MenuItemEntity.class
org/restaurant/aspect/ObservationAspectConfig.class
org/restaurant/mapstruct/RestaurantMapperImpl.class
org/restaurant/model/LocationEntity.class
org/restaurant/service/RatingService.class
org/restaurant/controller/UserFavoriteRestaurantsController.class
org/restaurant/repository/RatingRepository.class
org/restaurant/mapstruct/dto/FilterDTO.class
org/restaurant/mapstruct/dto/RestaurantEntityDTO.class
org/restaurant/mapstruct/LocationMapper.class
org/restaurant/RestaurantApplication.class
org/restaurant/model/FavoriteRestaurantEntity.class
org/restaurant/config/SecurityConfiguration.class
org/restaurant/model/FavoriteRestaurantEntity$FavoriteRestaurantEntityBuilder.class
org/restaurant/model/RatingEntity.class
org/restaurant/controller/RestaurantController.class
org/restaurant/service/UserFavoriteRestaurantService.class
org/restaurant/request/PostLocationRequest.class
org/restaurant/handler/GlobalExceptionHandler.class
org/restaurant/response/LocationResponse.class
org/restaurant/scheduler/ScheduledRestaurantUpdateTask.class
org/restaurant/service/MenuItemService.class
org/restaurant/exceptions/ObjectNotValidException.class
org/restaurant/model/RestaurantEntity.class
org/restaurant/specification/RestaurantSpecification.class
org/restaurant/response/RestaurantResponse.class
org/restaurant/request/CreateRestaurantRequest.class
org/restaurant/config/WebClientConfig.class
org/restaurant/controller/RatingController.class
org/restaurant/model/enums/FoodAdditive.class
org/restaurant/repository/LocationRepository.class
org/restaurant/repository/UserFavoriteRestaurantRepository.class
org/restaurant/aspect/PerformanceTrackerHandler.class
org/restaurant/repository/RestaurantRepository.class
org/restaurant/util/RestaurantUtils.class
org/restaurant/request/PostRatingRequest.class
org/restaurant/controller/MenuItemController.class
org/restaurant/mapstruct/MenuItemMapperImpl.class
org/restaurant/response/MenuItemResponse.class
org/restaurant/response/RatingResponse.class
org/restaurant/mapstruct/RatingMapperImpl.class
