/Users/jakubsokol/Desktop/project/feasto-backend/restaurant/src/main/java/org/restaurant/repository/LocationRepository.java
/Users/jakubsokol/Desktop/project/feasto-backend/restaurant/src/main/java/org/restaurant/model/enums/FoodAdditive.java
/Users/jakubsokol/Desktop/project/feasto-backend/restaurant/src/main/java/org/restaurant/response/RestaurantResponse.java
/Users/jakubsokol/Desktop/project/feasto-backend/restaurant/src/main/java/org/restaurant/specification/RestaurantSpecification.java
/Users/jakubsokol/Desktop/project/feasto-backend/restaurant/src/main/java/org/restaurant/validators/ObjectsValidator.java
/Users/jakubsokol/Desktop/project/feasto-backend/restaurant/src/main/java/org/restaurant/controller/UserFavoriteRestaurantsController.java
/Users/jakubsokol/Desktop/project/feasto-backend/restaurant/src/main/java/org/restaurant/model/FavoriteRestaurantEntity.java
/Users/jakubsokol/Desktop/project/feasto-backend/restaurant/src/main/java/org/restaurant/model/RestaurantEntity.java
/Users/jakubsokol/Desktop/project/feasto-backend/restaurant/src/main/java/org/restaurant/repository/UserFavoriteRestaurantRepository.java
/Users/jakubsokol/Desktop/project/feasto-backend/restaurant/src/main/java/org/restaurant/repository/RestaurantRepository.java
/Users/jakubsokol/Desktop/project/feasto-backend/restaurant/src/main/java/org/restaurant/controller/RestaurantController.java
/Users/jakubsokol/Desktop/project/feasto-backend/restaurant/src/main/java/org/restaurant/service/MenuItemService.java
/Users/jakubsokol/Desktop/project/feasto-backend/restaurant/src/main/java/org/restaurant/mapstruct/LocationMapper.java
/Users/jakubsokol/Desktop/project/feasto-backend/restaurant/src/main/java/org/restaurant/mapstruct/RestaurantMapper.java
/Users/jakubsokol/Desktop/project/feasto-backend/restaurant/src/main/java/org/restaurant/util/RestaurantUtils.java
/Users/jakubsokol/Desktop/project/feasto-backend/restaurant/src/main/java/org/restaurant/service/RestaurantService.java
/Users/jakubsokol/Desktop/project/feasto-backend/restaurant/src/main/java/org/restaurant/mapstruct/dto/RestaurantEntityDTO.java
/Users/jakubsokol/Desktop/project/feasto-backend/restaurant/src/main/java/org/restaurant/mapstruct/MenuItemMapper.java
/Users/jakubsokol/Desktop/project/feasto-backend/restaurant/src/main/java/org/restaurant/repository/RatingRepository.java
/Users/jakubsokol/Desktop/project/feasto-backend/restaurant/src/main/java/org/restaurant/request/PostRatingRequest.java
/Users/jakubsokol/Desktop/project/feasto-backend/restaurant/src/main/java/org/restaurant/service/UserFavoriteRestaurantService.java
/Users/jakubsokol/Desktop/project/feasto-backend/restaurant/src/main/java/org/restaurant/exceptions/ObjectNotValidException.java
/Users/jakubsokol/Desktop/project/feasto-backend/restaurant/src/main/java/org/restaurant/model/MenuItemEntity.java
/Users/jakubsokol/Desktop/project/feasto-backend/restaurant/src/main/java/org/restaurant/model/LocationEntity.java
/Users/jakubsokol/Desktop/project/feasto-backend/restaurant/src/main/java/org/restaurant/response/LocationResponse.java
/Users/jakubsokol/Desktop/project/feasto-backend/restaurant/src/main/java/org/restaurant/config/WebClientConfig.java
/Users/jakubsokol/Desktop/project/feasto-backend/restaurant/src/main/java/org/restaurant/config/SecurityConfiguration.java
/Users/jakubsokol/Desktop/project/feasto-backend/restaurant/src/main/java/org/restaurant/request/PostLocationRequest.java
/Users/jakubsokol/Desktop/project/feasto-backend/restaurant/src/main/java/org/restaurant/mapstruct/dto/FilterDTO.java
/Users/jakubsokol/Desktop/project/feasto-backend/restaurant/src/main/java/org/restaurant/controller/RatingController.java
/Users/jakubsokol/Desktop/project/feasto-backend/restaurant/src/main/java/org/restaurant/request/CreateRestaurantRequest.java
/Users/jakubsokol/Desktop/project/feasto-backend/restaurant/src/main/java/org/restaurant/handler/GlobalExceptionHandler.java
/Users/jakubsokol/Desktop/project/feasto-backend/restaurant/src/main/java/org/restaurant/response/MenuItemResponse.java
/Users/jakubsokol/Desktop/project/feasto-backend/restaurant/src/main/java/org/restaurant/aspect/ObservationAspectConfig.java
/Users/jakubsokol/Desktop/project/feasto-backend/restaurant/src/main/java/org/restaurant/repository/MenuItemRepository.java
/Users/jakubsokol/Desktop/project/feasto-backend/restaurant/src/main/java/org/restaurant/aspect/PerformanceTrackerHandler.java
/Users/jakubsokol/Desktop/project/feasto-backend/restaurant/src/main/java/org/restaurant/mapstruct/RatingMapper.java
/Users/jakubsokol/Desktop/project/feasto-backend/restaurant/src/main/java/org/restaurant/controller/MenuItemController.java
/Users/jakubsokol/Desktop/project/feasto-backend/restaurant/src/main/java/org/restaurant/model/enums/FoodCategory.java
/Users/jakubsokol/Desktop/project/feasto-backend/restaurant/src/main/java/org/restaurant/response/CustomMenuItemResponse.java
/Users/jakubsokol/Desktop/project/feasto-backend/restaurant/src/main/java/org/restaurant/scheduler/ScheduledRestaurantUpdateTask.java
/Users/jakubsokol/Desktop/project/feasto-backend/restaurant/src/main/java/org/restaurant/model/RatingEntity.java
/Users/jakubsokol/Desktop/project/feasto-backend/restaurant/src/main/java/org/restaurant/response/RatingResponse.java
/Users/jakubsokol/Desktop/project/feasto-backend/restaurant/src/main/java/org/restaurant/RestaurantApplication.java
/Users/jakubsokol/Desktop/project/feasto-backend/restaurant/src/main/java/org/restaurant/service/RatingService.java
